../Application/User/main.c:38:5:__io_putchar	16	static
../Application/User/main.c:119:5:_write	24	static
../Application/User/main.c:124:5:main	56	static
../Application/User/main.c:198:12:wifi_start	8	static
../Application/User/main.c:203:5:wifi_connect	16	static
../Application/User/main.c:215:5:wifi_server	32	static
../Application/User/main.c:317:13:WebServerProcess	32	static
../Application/User/main.c:380:6:UpdateIrrigationLogic	16	static
../Application/User/main.c:395:6:RefreshSystemState	32	static
../Application/User/main.c:425:6:ApplyIrrigationControl	24	static
../Application/User/main.c:460:5:CalculateSmartScore	48	static
../Application/User/main.c:508:22:SendWebPage	184	static
../Application/User/main.c:714:13:SystemClock_Config	96	static
../Application/User/main.c:740:9:GetMonthNum	16	static
../Application/User/main.c:757:9:GetWeekdayNum	16	static
../Application/User/main.c:768:6:UpdateTimeHTTP	1128	static
../Application/User/main.c:857:6:IncrementTime	4	static
../Application/User/main.c:874:6:CheckWeatherForecast	1064	static
../Application/User/main.c:916:6:SaveSettings	80	static
../Application/User/main.c:960:6:LoadSettings	16	static
../Application/User/main.c:982:6:EXTI15_10_IRQHandler	8	static
../Application/User/main.c:988:6:HAL_GPIO_EXTI_Callback	16	static
../Application/User/main.c:1002:6:SPI3_IRQHandler	8	static
