../Application/User/main.c:36:5:__io_putchar	16	static
../Application/User/main.c:130:5:_write	24	static
../Application/User/main.c:135:5:main	48	static
../Application/User/main.c:209:12:wifi_start	8	static
../Application/User/main.c:214:5:wifi_connect	16	static
../Application/User/main.c:226:5:wifi_server	48	static
../Application/User/main.c:311:13:WebServerProcess	32	static
../Application/User/main.c:377:6:UpdateIrrigationLogic	16	static
../Application/User/main.c:391:6:RefreshSystemState	24	static
../Application/User/main.c:415:6:ApplyIrrigationControl	32	static
../Application/User/main.c:457:5:CalculateSmartScore	48	static
../Application/User/main.c:504:22:SendWebPage	168	static
../Application/User/main.c:705:13:SystemClock_Config	96	static
../Application/User/main.c:731:9:GetMonthNum	16	static
../Application/User/main.c:748:9:GetWeekdayNum	16	static
../Application/User/main.c:759:6:UpdateTimeHTTP	1128	static
../Application/User/main.c:852:6:IncrementTime	4	static
../Application/User/main.c:869:6:CheckWeatherForecast	1064	static
../Application/User/main.c:913:6:SaveSettings	80	static
../Application/User/main.c:958:6:LoadSettings	16	static
../Application/User/main.c:980:6:RTC_Init	216	static
../Application/User/main.c:1011:6:Enter_LowPower_State	24	static
../Application/User/main.c:1040:6:Exit_LowPower_State	16	static
../Application/User/main.c:1077:6:RTC_WKUP_IRQHandler	8	static
../Application/User/main.c:1082:6:EXTI15_10_IRQHandler	8	static
../Application/User/main.c:1086:6:HAL_GPIO_EXTI_Callback	16	static
../Application/User/main.c:1093:6:SPI3_IRQHandler	8	static
