../Application/User/main.c:36:5:__io_putchar	16	static
../Application/User/main.c:128:5:_write	24	static
../Application/User/main.c:133:5:main	56	static
../Application/User/main.c:206:12:wifi_start	8	static
../Application/User/main.c:211:5:wifi_connect	16	static
../Application/User/main.c:223:5:wifi_server	48	static
../Application/User/main.c:303:13:WebServerProcess	32	static
../Application/User/main.c:369:6:UpdateIrrigationLogic	16	static
../Application/User/main.c:383:6:RefreshSystemState	32	static
../Application/User/main.c:411:6:ApplyIrrigationControl	32	static
../Application/User/main.c:458:5:CalculateSmartScore	48	static
../Application/User/main.c:506:22:SendWebPage	184	static
../Application/User/main.c:712:13:SystemClock_Config	96	static
../Application/User/main.c:738:9:GetMonthNum	16	static
../Application/User/main.c:755:9:GetWeekdayNum	16	static
../Application/User/main.c:766:6:UpdateTimeHTTP	1128	static
../Application/User/main.c:859:6:IncrementTime	4	static
../Application/User/main.c:876:6:CheckWeatherForecast	1064	static
../Application/User/main.c:920:6:SaveSettings	80	static
../Application/User/main.c:965:6:LoadSettings	16	static
../Application/User/main.c:987:6:RTC_Init	216	static
../Application/User/main.c:1018:6:Enter_LowPower_State	24	static
../Application/User/main.c:1047:6:Exit_LowPower_State	16	static
../Application/User/main.c:1084:6:RTC_WKUP_IRQHandler	8	static
../Application/User/main.c:1089:6:EXTI15_10_IRQHandler	8	static
../Application/User/main.c:1093:6:HAL_GPIO_EXTI_Callback	16	static
../Application/User/main.c:1100:6:SPI3_IRQHandler	8	static
