../Application/User/main.c:36:5:__io_putchar	16	static
../Application/User/main.c:123:5:_write	24	static
../Application/User/main.c:128:5:main	56	static
../Application/User/main.c:200:12:wifi_start	8	static
../Application/User/main.c:205:5:wifi_connect	16	static
../Application/User/main.c:217:5:wifi_server	32	static
../Application/User/main.c:312:13:WebServerProcess	32	static
../Application/User/main.c:375:6:UpdateIrrigationLogic	16	static
../Application/User/main.c:389:6:RefreshSystemState	32	static
../Application/User/main.c:417:6:ApplyIrrigationControl	24	static
../Application/User/main.c:451:5:CalculateSmartScore	48	static
../Application/User/main.c:499:22:SendWebPage	184	static
../Application/User/main.c:704:13:SystemClock_Config	96	static
../Application/User/main.c:730:9:GetMonthNum	16	static
../Application/User/main.c:747:9:GetWeekdayNum	16	static
../Application/User/main.c:758:6:UpdateTimeHTTP	1128	static
../Application/User/main.c:852:6:IncrementTime	4	static
../Application/User/main.c:869:6:CheckWeatherForecast	1064	static
../Application/User/main.c:913:6:SaveSettings	80	static
../Application/User/main.c:957:6:LoadSettings	16	static
../Application/User/main.c:979:6:EXTI15_10_IRQHandler	8	static
../Application/User/main.c:983:6:HAL_GPIO_EXTI_Callback	16	static
../Application/User/main.c:990:6:SPI3_IRQHandler	8	static
