../Application/User/main.c:36:5:__io_putchar	16	static
../Application/User/main.c:126:5:_write	24	static
../Application/User/main.c:131:5:main	56	static
../Application/User/main.c:204:12:wifi_start	8	static
../Application/User/main.c:209:5:wifi_connect	16	static
../Application/User/main.c:221:5:wifi_server	48	static
../Application/User/main.c:301:13:WebServerProcess	32	static
../Application/User/main.c:364:6:UpdateIrrigationLogic	16	static
../Application/User/main.c:378:6:RefreshSystemState	32	static
../Application/User/main.c:406:6:ApplyIrrigationControl	24	static
../Application/User/main.c:440:5:CalculateSmartScore	48	static
../Application/User/main.c:488:22:SendWebPage	184	static
../Application/User/main.c:693:13:SystemClock_Config	96	static
../Application/User/main.c:719:9:GetMonthNum	16	static
../Application/User/main.c:736:9:GetWeekdayNum	16	static
../Application/User/main.c:747:6:UpdateTimeHTTP	1128	static
../Application/User/main.c:840:6:IncrementTime	4	static
../Application/User/main.c:857:6:CheckWeatherForecast	1064	static
../Application/User/main.c:901:6:SaveSettings	80	static
../Application/User/main.c:945:6:LoadSettings	16	static
../Application/User/main.c:966:6:RTC_Init	216	static
../Application/User/main.c:997:6:Enter_LowPower_State	24	static
../Application/User/main.c:1027:6:Exit_LowPower_State	16	static
../Application/User/main.c:1064:6:RTC_WKUP_IRQHandler	8	static
../Application/User/main.c:1069:6:EXTI15_10_IRQHandler	8	static
../Application/User/main.c:1073:6:HAL_GPIO_EXTI_Callback	16	static
../Application/User/main.c:1080:6:SPI3_IRQHandler	8	static
