../Application/User/main.c:38:5:__io_putchar	16	static
../Application/User/main.c:115:5:_write	24	static
../Application/User/main.c:120:5:main	56	static
../Application/User/main.c:191:12:wifi_start	8	static
../Application/User/main.c:196:5:wifi_connect	16	static
../Application/User/main.c:208:5:wifi_server	32	static
../Application/User/main.c:256:13:WebServerProcess	32	static
../Application/User/main.c:320:6:UpdateIrrigationLogic	16	static
../Application/User/main.c:335:6:RefreshSystemState	32	static
../Application/User/main.c:365:6:ApplyIrrigationControl	24	static
../Application/User/main.c:401:5:CalculateSmartScore	32	static
../Application/User/main.c:425:22:SendWebPage	184	static
../Application/User/main.c:631:13:SystemClock_Config	96	static
../Application/User/main.c:657:9:GetMonthNum	16	static
../Application/User/main.c:674:9:GetWeekdayNum	16	static
../Application/User/main.c:685:6:UpdateTimeHTTP	1128	static
../Application/User/main.c:776:6:IncrementTime	4	static
../Application/User/main.c:793:6:CheckWeatherForecast	1064	static
../Application/User/main.c:835:6:SaveSettings	80	static
../Application/User/main.c:879:6:LoadSettings	16	static
../Application/User/main.c:901:6:HAL_GPIO_EXTI_Callback	16	static
../Application/User/main.c:905:6:SPI3_IRQHandler	8	static
