../Application/User/main.c:38:5:__io_putchar	16	static
../Application/User/main.c:119:5:_write	24	static
../Application/User/main.c:124:5:main	56	static
../Application/User/main.c:198:12:wifi_start	8	static
../Application/User/main.c:203:5:wifi_connect	16	static
../Application/User/main.c:215:5:wifi_server	32	static
../Application/User/main.c:317:13:WebServerProcess	32	static
../Application/User/main.c:380:6:UpdateIrrigationLogic	16	static
../Application/User/main.c:395:6:RefreshSystemState	32	static
../Application/User/main.c:425:6:ApplyIrrigationControl	24	static
../Application/User/main.c:459:5:CalculateSmartScore	48	static
../Application/User/main.c:507:22:SendWebPage	184	static
../Application/User/main.c:713:13:SystemClock_Config	96	static
../Application/User/main.c:739:9:GetMonthNum	16	static
../Application/User/main.c:756:9:GetWeekdayNum	16	static
../Application/User/main.c:767:6:UpdateTimeHTTP	1128	static
../Application/User/main.c:862:6:IncrementTime	4	static
../Application/User/main.c:879:6:CheckWeatherForecast	1064	static
../Application/User/main.c:923:6:SaveSettings	80	static
../Application/User/main.c:967:6:LoadSettings	16	static
../Application/User/main.c:989:6:EXTI15_10_IRQHandler	8	static
../Application/User/main.c:993:6:HAL_GPIO_EXTI_Callback	16	static
../Application/User/main.c:1000:6:SPI3_IRQHandler	8	static
