../Application/User/stm32l4xx_it.c:41:6:NMI_Handler	4	static
../Application/User/stm32l4xx_it.c:50:6:HardFault_Handler	4	static
../Application/User/stm32l4xx_it.c:63:6:MemManage_Handler	4	static
../Application/User/stm32l4xx_it.c:76:6:BusFault_Handler	4	static
../Application/User/stm32l4xx_it.c:89:6:UsageFault_Handler	4	static
../Application/User/stm32l4xx_it.c:102:6:SVC_Handler	4	static
../Application/User/stm32l4xx_it.c:111:6:DebugMon_Handler	4	static
../Application/User/stm32l4xx_it.c:120:6:PendSV_Handler	4	static
../Application/User/stm32l4xx_it.c:129:6:SysTick_Handler	8	static
../Application/User/stm32l4xx_it.c:153:6:EXTI1_IRQHandler	8	static
